// Jest Snapshot v1, https://goo.gl/fbAQLP

exports[`<Card/> should display a Card with a title, body, footer and addionally some children 1`] = `
<article>
  <h2>
    MockTitle
  </h2>
  <div>
    <p>
      MockBody
    </p>
    <small>
      MockFooter
    </small>
    <p>
      child
    </p>
  </div>
</article>
`;
